 .pHash
 .pBar
 .pBang
 .pPercent
 .pSlash
 .pRightBrace
 .pLeftBrace
 .pEndFile
