 .pDoubleBar
 .pPlusEquals
 .pMinusEquals
 .pStarEquals
 .pSlashEquals
 .pPercentEquals
 .pDoubleEquals
 .pEndFile