  .pIdentifier (screened to pChoose)
  .pIdentifier (screened to pElseif)
  .pIdentifier (screened to pFun)
  .pIdentifier (screened to pIs)
  .pIdentifier (screened to pLike)
  .pIdentifier (screened to pPkg)
  .pIdentifier (screened to pPublic)
  .pIdentifier (screened to pUsing)
  .pIdentifier (screened to pVal)
  .pIdentifier (screened to pWhen)
  .pIdentifier
  .pIdentifier
  .pIdentifier
  .pIdentifier
  .pIdentifier
  .pIdentifier
  .pIdentifier
  .pIdentifier
  .pIdentifier
  .pIdentifier
  .pIdentifier
